[appspy.pro/app/new-59-bb/index.html]
[backblue.gif]
[fade.gif]
[index.html]
[appspy.pro/app/new-59-bb/assets/style.min.css]
[appspy.pro/app/new-59-bb/assets/theme.min.css]
[appspy.pro/app/new-59-bb/assets/header-footer.min.css]
[appspy.pro/app/new-59-bb/assets/frontend-lite.min.css]
[appspy.pro/app/new-59-bb/assets/post-6.css]
[appspy.pro/app/new-59-bb/assets/general.min.css]
[appspy.pro/app/new-59-bb/assets/eael-92.css]
[appspy.pro/app/new-59-bb/assets/swiper.min.css]
[appspy.pro/app/new-59-bb/assets/all.min.css]
[appspy.pro/app/new-59-bb/assets/v4-shims.min.css]
[appspy.pro/app/new-59-bb/assets/global.css]
[appspy.pro/app/new-59-bb/assets/post-92.css]
[appspy.pro/app/new-59-bb/assets/font-awesome.min.css]
[code.jquery.com/jquery-3.7.1.min.js]
[appspy.pro/app/new-59-bb/assets/v4-shims.min.js]
[appspy.pro/app/new-59-bb/assets/img-1.webp]
[appspy.pro/app/new-59-bb/assets/img2.webp]
[appspy.pro/app/new-59-bb/assets/ssl-secure-3.webp]
[appspy.pro/app/new-59-bb/assets/hello-frontend.min.js]
[appspy.pro/app/new-59-bb/assets/frontend-modules.min.js]
[appspy.pro/app/new-59-bb/assets/frontend.min.js]
[appspy.pro/app/new-59-bb/assets/elements-handlers.min.js]
[appspy.pro/app/new-59-bb/analise-pausada.html]
[appspy.pro/app/new-59-bb/index.html]
[appspy.pro/app/new-59-bb/assets/style.min.css]
[appspy.pro/app/new-59-bb/assets/theme.min.css]
[appspy.pro/app/new-59-bb/assets/header-footer.min.css]
[appspy.pro/app/new-59-bb/assets/frontend-lite.min.css]
[appspy.pro/app/new-59-bb/assets/post-6.css]
[appspy.pro/app/new-59-bb/assets/general.min.css]
[appspy.pro/app/new-59-bb/assets/eael-92.css]
[appspy.pro/app/new-59-bb/assets/swiper.min.css]
[cdn.utmify.com.br/scripts/pixel/pixel.js]
[appspy.pro/app/new-59-bb/assets/webfonts/fa-solid-900.woff]
[appspy.pro/app/new-59-bb/assets/all.min.css]
[appspy.pro/app/new-59-bb/assets/v4-shims.min.css]
[appspy.pro/app/new-59-bb/assets/global.css]
[appspy.pro/app/new-59-bb/assets/webfonts/fa-solid-900.ttf]
[appspy.pro/app/new-59-bb/assets/bg.webp]
[appspy.pro/app/new-59-bb/assets/post-92.css]
[appspy.pro/app/new-59-bb/assets/font-awesome.min.css]
[appspy.pro/app/new-59-bb/assets/v4-shims.min.js]
[appspy.pro/app/new-59-bb/assets/hello-frontend.min.js]
[appspy.pro/app/new-59-bb/assets/frontend-modules.min.js]
[appspy.pro/app/new-59-bb/assets/frontend.min.js]
[appspy.pro/app/new-59-bb/assets/elements-handlers.min.js]
[appspy.pro/app/new-59-bb/Trident/index.html]
[appspy.pro/app/new-59-bb/assets/back-passo1.webp]
[appspy.pro/app/new-59-bb/analise-pausada.html]
[appspy.pro/app/new-59-bb/etapa-2.html]
[appspy.pro/app/new-59-bb/Trident/index.html]
[appspy.pro/app/new-59-bb/assets/eael-135.css]
[appspy.pro/app/new-59-bb/assets/post-135.css]
[appspy.pro/app/new-59-bb/assets/loading.gif]
[appspy.pro/app/new-59-bb/concluido.html]
[appspy.pro/app/new-59-bb/assets/ssl-secure-3-1.webp]
[appspy.pro/app/new-59-bb/assets/general.min.js]
[appspy.pro/app/new-59-bb/assets/happy-addons.min.js]
[appspy.pro/app/new-59-bb/assets/jquery-numerator.min.js]
[appspy.pro/app/new-59-bb/assets/webpack-pro.runtime.min.js]
[appspy.pro/app/new-59-bb/assets/webpack.runtime.min.js]
[appspy.pro/app/new-59-bb/assets/waypoints.min.js]
[appspy.pro/app/new-59-bb/assets/core.min.js]
[cdn.jsdelivr.net/npm/bootstrap@5.1.3/dist/css/bootstrap.min.css]
[appspy.pro/app/new-59-bb/assets/user.jpg]
[appspy.pro/app/new-59-bb/etapa-2.html]
[appspy.pro/app/new-59-bb/assets/eael-135.css]
[appspy.pro/app/new-59-bb/assets/post-135.css]
[appspy.pro/app/new-59-bb/assets/concluido/materialdesignicons.min.css]
[appspy.pro/app/new-59-bb/assets/concluido/perfect-scrollbar.css]
[appspy.pro/app/new-59-bb/assets/concluido/owl.carousel.css]
[appspy.pro/app/new-59-bb/assets/concluido/bootstrap.min.css]
[appspy.pro/app/new-59-bb/assets/concluido/cors.css]
[appspy.pro/app/new-59-bb/assets/concluido/apps.css]
[appspy.pro/app/new-59-bb/assets/concluido/client-13.png]
[appspy.pro/app/new-59-bb/assets/concluido/tick-read.svg]
[appspy.pro/app/new-59-bb/assets/concluido/img1.jpg]
[appspy.pro/app/new-59-bb/assets/concluido/tick-delivered.svg]
[appspy.pro/app/new-59-bb/assets/concluido/alerta.gif]
[appspy.pro/app/new-59-bb/assets/concluido/andrea.png]
[appspy.pro/app/new-59-bb/assets/concluido/tick-send.svg]
[appspy.pro/app/new-59-bb/assets/concluido/client-2.png]
[appspy.pro/app/new-59-bb/assets/concluido/12.jpg]
[appspy.pro/app/new-59-bb/assets/concluido/jenny.png]
[appspy.pro/app/new-59-bb/assets/concluido/collin.png]
[appspy.pro/app/new-59-bb/assets/concluido/client-16.png]
[appspy.pro/app/new-59-bb/assets/concluido/01.jpg]
[appspy.pro/app/new-59-bb/assets/concluido/02.jpg]
[appspy.pro/app/new-59-bb/assets/concluido/03.jpg]
[appspy.pro/app/new-59-bb/assets/concluido/04.jpg]
[appspy.pro/app/new-59-bb/assets/concluido/05.jpg]
[appspy.pro/app/new-59-bb/assets/concluido/06.jpg]
[appspy.pro/app/new-59-bb/assets/concluido/friends.jpg]
[appspy.pro/app/new-59-bb/assets/concluido/pdf.svg]
[appspy.pro/app/new-59-bb/assets/concluido/word.svg]
[appspy.pro/app/new-59-bb/assets/concluido/excel.svg]
[appspy.pro/app/new-59-bb/assets/concluido/powerpoint.svg]
[appspy.pro/app/new-59-bb/assets/concluido/05_1.jpg]
[appspy.pro/app/new-59-bb/assets/concluido/call-01.jpg]
[appspy.pro/app/new-59-bb/assets/concluido/call-02.jpg]
[appspy.pro/app/new-59-bb/assets/concluido/jquery-3.4.1.min.js]
[appspy.pro/app/new-59-bb/assets/concluido/bootstrap.bundle.min.js]
[appspy.pro/app/new-59-bb/assets/concluido/mfb.min.js]
[appspy.pro/app/new-59-bb/assets/concluido/perfect-scrollbar.min.js]
[appspy.pro/app/new-59-bb/assets/concluido/owl.carousel.min.js]
[appspy.pro/app/new-59-bb/concluido.html]
[appspy.pro/app/new-59-bb/assets/concluido/app.js]
[appspy.pro/app/new-59-bb/assets/general.min.js]
[appspy.pro/app/new-59-bb/assets/happy-addons.min.js]
[appspy.pro/app/new-59-bb/assets/jquery-numerator.min.js]
[appspy.pro/app/new-59-bb/assets/webpack-pro.runtime.min.js]
[appspy.pro/app/new-59-bb/assets/webpack.runtime.min.js]
[appspy.pro/app/new-59-bb/assets/waypoints.min.js]
[appspy.pro/app/new-59-bb/assets/core.min.js]
[cdn.jsdelivr.net/npm/bootstrap@5.1.3/dist/css/bootstrap.min.css]
[appspy.pro/app/new-59-bb/assets/concluido/materialdesignicons-webfont2f9b.woff2]
[appspy.pro/app/new-59-bb/assets/concluido/materialdesignicons.min.css]
[appspy.pro/app/new-59-bb/assets/concluido/perfect-scrollbar.css]
[appspy.pro/app/new-59-bb/assets/concluido/owl.carousel.css]
[appspy.pro/app/new-59-bb/assets/concluido/bootstrap.min.css]
[appspy.pro/app/new-59-bb/assets/concluido/cors.css]
[espiaoinvisivel.com/v5/concluido/assets/images/bg/login-1.52.delayed]
[espiaoinvisivel.com/v5/concluido/assets/images/bg/login-2.jpg]
[espiaoinvisivel.com/v5/concluido/assets/images/bg/login-3.jpg]
[appspy.pro/app/new-59-bb/assets/concluido/apps.css]
[appspy.pro/app/new-59-bb/assets/concluido/tick-read.svg]
[appspy.pro/app/new-59-bb/assets/concluido/tick-delivered.svg]
[appspy.pro/app/new-59-bb/assets/concluido/tick-send.svg]
[appspy.pro/app/new-59-bb/assets/concluido/pdf.svg]
[appspy.pro/app/new-59-bb/assets/concluido/word.svg]
[appspy.pro/app/new-59-bb/assets/concluido/excel.svg]
[appspy.pro/app/new-59-bb/assets/concluido/powerpoint.svg]
[appspy.pro/app/new-59-bb/assets/concluido/jquery-3.4.1.min.js]
[appspy.pro/app/new-59-bb/assets/concluido/bootstrap.bundle.min.js]
[appspy.pro/app/new-59-bb/assets/concluido/mfb.min.js]
[appspy.pro/app/new-59-bb/assets/concluido/perfect-scrollbar.min.js]
[appspy.pro/app/new-59-bb/assets/concluido/owl.carousel.min.js]
[appspy.pro/app/new-59-bb/assets/concluido/app.js]
[espiaoinvisivel.com/v5/concluido/assets/images/bg/login-1.html]
[espiaoinvisivel.com/v5/concluido/assets/images/bg/login-2.html]
[espiaoinvisivel.com/v5/concluido/assets/images/bg/login-3.html]
